// Jest Snapshot v1, https://goo.gl/fbAQLP

exports[`layout/NavigationLink should render properly the NavigationLink 1`] = `
<WithStyles(Button)>
  <NavLink
    activeClassName="active"
    ariaCurrent="true"
    className="test_class "
    to="/test"
  >
    <ChildDiv />
  </NavLink>
</WithStyles(Button)>
`;
